[2026-05-27T00:53:29.371+0000] {local_task_job_runner.py:120} INFO - ::group::Pre task execution logs
[2026-05-27T00:53:29.422+0000] {taskinstance.py:2076} INFO - Dependencies all met for dep_context=non-requeueable deps ti=<TaskInstance: flights_ops_medallion_pipe.bronze_ingestion scheduled__2026-05-27T00:00:00+00:00 [queued]>
[2026-05-27T00:53:29.431+0000] {taskinstance.py:2076} INFO - Dependencies all met for dep_context=requeueable deps ti=<TaskInstance: flights_ops_medallion_pipe.bronze_ingestion scheduled__2026-05-27T00:00:00+00:00 [queued]>
[2026-05-27T00:53:29.432+0000] {taskinstance.py:2306} INFO - Starting attempt 1 of 1
[2026-05-27T00:53:29.446+0000] {taskinstance.py:2330} INFO - Executing <Task(PythonOperator): bronze_ingestion> on 2026-05-27 00:00:00+00:00
[2026-05-27T00:53:29.451+0000] {standard_task_runner.py:64} INFO - Started process 54 to run task
[2026-05-27T00:53:29.453+0000] {standard_task_runner.py:90} INFO - Running: ['airflow', 'tasks', 'run', '***_ops_medallion_pipe', 'bronze_ingestion', 'scheduled__2026-05-27T00:00:00+00:00', '--job-id', '2', '--raw', '--subdir', 'DAGS_FOLDER/flight-pipeline.py', '--cfg-path', '/tmp/tmpkpsaxaxr']
[2026-05-27T00:53:29.456+0000] {standard_task_runner.py:91} INFO - Job 2: Subtask bronze_ingestion
[2026-05-27T00:53:29.517+0000] {task_command.py:426} INFO - Running <TaskInstance: flights_ops_medallion_pipe.bronze_ingestion scheduled__2026-05-27T00:00:00+00:00 [running]> on host ff18b7143d8b
[2026-05-27T00:53:29.633+0000] {taskinstance.py:2648} INFO - Exporting env vars: AIRFLOW_CTX_DAG_OWNER='airflow' AIRFLOW_CTX_DAG_ID='***_ops_medallion_pipe' AIRFLOW_CTX_TASK_ID='bronze_ingestion' AIRFLOW_CTX_EXECUTION_DATE='2026-05-27T00:00:00+00:00' AIRFLOW_CTX_TRY_NUMBER='1' AIRFLOW_CTX_DAG_RUN_ID='scheduled__2026-05-27T00:00:00+00:00'
[2026-05-27T00:53:29.634+0000] {taskinstance.py:430} INFO - ::endgroup::
[2026-05-27T00:53:31.548+0000] {taskinstance.py:441} INFO - ::group::Post task execution logs
[2026-05-27T00:53:31.548+0000] {taskinstance.py:2905} ERROR - Task failed with exception
Traceback (most recent call last):
  File "/home/airflow/.local/lib/python3.12/site-packages/airflow/models/taskinstance.py", line 465, in _execute_task
    result = _execute_callable(context=context, **execute_callable_kwargs)
             ^^^^^^^^^^^^^^^^^^^^^^^^^^^^^^^^^^^^^^^^^^^^^^^^^^^^^^^^^^^^^
  File "/home/airflow/.local/lib/python3.12/site-packages/airflow/models/taskinstance.py", line 432, in _execute_callable
    return execute_callable(context=context, **execute_callable_kwargs)
           ^^^^^^^^^^^^^^^^^^^^^^^^^^^^^^^^^^^^^^^^^^^^^^^^^^^^^^^^^^^^
  File "/home/airflow/.local/lib/python3.12/site-packages/airflow/models/baseoperator.py", line 401, in wrapper
    return func(self, *args, **kwargs)
           ^^^^^^^^^^^^^^^^^^^^^^^^^^^
  File "/home/airflow/.local/lib/python3.12/site-packages/airflow/operators/python.py", line 235, in execute
    return_value = self.execute_callable()
                   ^^^^^^^^^^^^^^^^^^^^^^^
  File "/home/airflow/.local/lib/python3.12/site-packages/airflow/operators/python.py", line 252, in execute_callable
    return self.python_callable(*self.op_args, **self.op_kwargs)
           ^^^^^^^^^^^^^^^^^^^^^^^^^^^^^^^^^^^^^^^^^^^^^^^^^^^^^
  File "/opt/airflow/scripts/bronze_ingest.py", line 20, in run_bronze_ingestion
    with open(path, "w") as f:
         ^^^^^^^^^^^^^^^
FileNotFoundError: [Errno 2] No such file or directory: '/opt/airflow/data/bronze/flights_20260527005331.json'
[2026-05-27T00:53:31.563+0000] {taskinstance.py:1206} INFO - Marking task as FAILED. dag_id=***_ops_medallion_pipe, task_id=bronze_ingestion, run_id=scheduled__2026-05-27T00:00:00+00:00, execution_date=20260527T000000, start_date=20260527T005329, end_date=20260527T005331
[2026-05-27T00:53:31.578+0000] {standard_task_runner.py:110} ERROR - Failed to execute job 2 for task bronze_ingestion ([Errno 2] No such file or directory: '/opt/airflow/data/bronze/flights_20260527005331.json'; 54)
[2026-05-27T00:53:31.594+0000] {local_task_job_runner.py:243} INFO - Task exited with return code 1
[2026-05-27T00:53:31.614+0000] {taskinstance.py:3503} INFO - 0 downstream tasks scheduled from follow-on schedule check
[2026-05-27T00:53:31.616+0000] {local_task_job_runner.py:222} INFO - ::endgroup::
