[2026-05-28T01:09:05.504+0000] {local_task_job_runner.py:120} INFO - ::group::Pre task execution logs
[2026-05-28T01:09:05.535+0000] {taskinstance.py:2076} INFO - Dependencies all met for dep_context=non-requeueable deps ti=<TaskInstance: flights_ops_medallion_pipe.load_gold_to_snowflake manual__2026-05-28T01:08:43.748186+00:00 [queued]>
[2026-05-28T01:09:05.543+0000] {taskinstance.py:2076} INFO - Dependencies all met for dep_context=requeueable deps ti=<TaskInstance: flights_ops_medallion_pipe.load_gold_to_snowflake manual__2026-05-28T01:08:43.748186+00:00 [queued]>
[2026-05-28T01:09:05.544+0000] {taskinstance.py:2306} INFO - Starting attempt 1 of 1
[2026-05-28T01:09:05.556+0000] {taskinstance.py:2330} INFO - Executing <Task(PythonOperator): load_gold_to_snowflake> on 2026-05-28 01:08:43.748186+00:00
[2026-05-28T01:09:05.565+0000] {standard_task_runner.py:90} INFO - Running: ['airflow', 'tasks', 'run', '***_ops_medallion_pipe', 'load_gold_to_snowflake', 'manual__2026-05-28T01:08:43.748186+00:00', '--job-id', '39', '--raw', '--subdir', 'DAGS_FOLDER/flight-pipeline.py', '--cfg-path', '/tmp/tmpv533ikic']
[2026-05-28T01:09:05.567+0000] {standard_task_runner.py:91} INFO - Job 39: Subtask load_gold_to_snowflake
[2026-05-28T01:09:05.569+0000] {logging_mixin.py:188} WARNING - /home/airflow/.local/lib/python3.12/site-packages/airflow/task/task_runner/standard_task_runner.py:62 DeprecationWarning: This process (pid=969) is multi-threaded, use of fork() may lead to deadlocks in the child.
[2026-05-28T01:09:05.570+0000] {standard_task_runner.py:64} INFO - Started process 983 to run task
[2026-05-28T01:09:05.613+0000] {task_command.py:426} INFO - Running <TaskInstance: flights_ops_medallion_pipe.load_gold_to_snowflake manual__2026-05-28T01:08:43.748186+00:00 [running]> on host 98131fdfdb0f
[2026-05-28T01:09:05.706+0000] {taskinstance.py:2648} INFO - Exporting env vars: AIRFLOW_CTX_DAG_OWNER='airflow' AIRFLOW_CTX_DAG_ID='***_ops_medallion_pipe' AIRFLOW_CTX_TASK_ID='load_gold_to_snowflake' AIRFLOW_CTX_EXECUTION_DATE='2026-05-28T01:08:43.748186+00:00' AIRFLOW_CTX_TRY_NUMBER='1' AIRFLOW_CTX_DAG_RUN_ID='manual__2026-05-28T01:08:43.748186+00:00'
[2026-05-28T01:09:05.708+0000] {taskinstance.py:430} INFO - ::endgroup::
[2026-05-28T01:09:05.732+0000] {taskinstance.py:441} INFO - ::group::Post task execution logs
[2026-05-28T01:09:05.733+0000] {taskinstance.py:2905} ERROR - Task failed with exception
Traceback (most recent call last):
  File "/home/airflow/.local/lib/python3.12/site-packages/airflow/models/taskinstance.py", line 465, in _execute_task
    result = _execute_callable(context=context, **execute_callable_kwargs)
             ^^^^^^^^^^^^^^^^^^^^^^^^^^^^^^^^^^^^^^^^^^^^^^^^^^^^^^^^^^^^^
  File "/home/airflow/.local/lib/python3.12/site-packages/airflow/models/taskinstance.py", line 432, in _execute_callable
    return execute_callable(context=context, **execute_callable_kwargs)
           ^^^^^^^^^^^^^^^^^^^^^^^^^^^^^^^^^^^^^^^^^^^^^^^^^^^^^^^^^^^^
  File "/home/airflow/.local/lib/python3.12/site-packages/airflow/models/baseoperator.py", line 401, in wrapper
    return func(self, *args, **kwargs)
           ^^^^^^^^^^^^^^^^^^^^^^^^^^^
  File "/home/airflow/.local/lib/python3.12/site-packages/airflow/operators/python.py", line 235, in execute
    return_value = self.execute_callable()
                   ^^^^^^^^^^^^^^^^^^^^^^^
  File "/home/airflow/.local/lib/python3.12/site-packages/airflow/operators/python.py", line 252, in execute_callable
    return self.python_callable(*self.op_args, **self.op_kwargs)
           ^^^^^^^^^^^^^^^^^^^^^^^^^^^^^^^^^^^^^^^^^^^^^^^^^^^^^
  File "/opt/airflow/scripts/load_gold_to_snowflake.py", line 14, in load_gold_to_snowflake
    execution_date = context["date_interval_start"].strftime("%Y-%m-%d%H-%M-%S")
                     ~~~~~~~^^^^^^^^^^^^^^^^^^^^^^^
KeyError: 'date_interval_start'
[2026-05-28T01:09:05.747+0000] {taskinstance.py:1206} INFO - Marking task as FAILED. dag_id=***_ops_medallion_pipe, task_id=load_gold_to_snowflake, run_id=manual__2026-05-28T01:08:43.748186+00:00, execution_date=20260528T010843, start_date=20260528T010905, end_date=20260528T010905
[2026-05-28T01:09:05.759+0000] {standard_task_runner.py:110} ERROR - Failed to execute job 39 for task load_gold_to_snowflake ('date_interval_start'; 983)
[2026-05-28T01:09:05.784+0000] {local_task_job_runner.py:243} INFO - Task exited with return code 1
[2026-05-28T01:09:05.807+0000] {taskinstance.py:3503} INFO - 0 downstream tasks scheduled from follow-on schedule check
[2026-05-28T01:09:05.810+0000] {local_task_job_runner.py:222} INFO - ::endgroup::
