[2026-05-26T23:53:21.128+0000] {manager.py:470} INFO - Processing files using up to 2 processes at a time 
[2026-05-26T23:53:21.129+0000] {manager.py:471} INFO - Process each file at most once every 30 seconds
[2026-05-26T23:53:21.130+0000] {manager.py:472} INFO - Checking for new files in /opt/airflow/dags every 300 seconds
[2026-05-26T23:53:21.131+0000] {manager.py:737} INFO - Searching for files in /opt/airflow/dags
[2026-05-26T23:53:21.134+0000] {manager.py:740} INFO - There are 0 files in /opt/airflow/dags
[2026-05-26T23:58:21.313+0000] {manager.py:737} INFO - Searching for files in /opt/airflow/dags
[2026-05-26T23:58:21.317+0000] {manager.py:740} INFO - There are 0 files in /opt/airflow/dags
[2026-05-27T00:03:21.505+0000] {manager.py:737} INFO - Searching for files in /opt/airflow/dags
[2026-05-27T00:03:21.514+0000] {manager.py:740} INFO - There are 0 files in /opt/airflow/dags
[2026-05-27T00:08:21.761+0000] {manager.py:737} INFO - Searching for files in /opt/airflow/dags
[2026-05-27T00:08:21.768+0000] {manager.py:740} INFO - There are 0 files in /opt/airflow/dags
[2026-05-27T00:13:21.962+0000] {manager.py:737} INFO - Searching for files in /opt/airflow/dags
[2026-05-27T00:13:21.965+0000] {manager.py:740} INFO - There are 0 files in /opt/airflow/dags
[2026-05-27T00:18:22.154+0000] {manager.py:737} INFO - Searching for files in /opt/airflow/dags
[2026-05-27T00:18:22.164+0000] {manager.py:740} INFO - There are 0 files in /opt/airflow/dags
[2026-05-27T00:23:22.368+0000] {manager.py:737} INFO - Searching for files in /opt/airflow/dags
[2026-05-27T00:23:22.372+0000] {manager.py:740} INFO - There are 0 files in /opt/airflow/dags
[2026-05-27T00:28:22.552+0000] {manager.py:737} INFO - Searching for files in /opt/airflow/dags
[2026-05-27T00:28:22.556+0000] {manager.py:740} INFO - There are 0 files in /opt/airflow/dags
[2026-05-27T00:33:22.717+0000] {manager.py:737} INFO - Searching for files in /opt/airflow/dags
[2026-05-27T00:33:22.733+0000] {manager.py:740} INFO - There are 0 files in /opt/airflow/dags
[2026-05-27T00:38:22.904+0000] {manager.py:737} INFO - Searching for files in /opt/airflow/dags
[2026-05-27T00:38:22.922+0000] {manager.py:740} INFO - There are 0 files in /opt/airflow/dags
[2026-05-27T00:43:23.107+0000] {manager.py:737} INFO - Searching for files in /opt/airflow/dags
[2026-05-27T00:43:23.115+0000] {manager.py:740} INFO - There are 0 files in /opt/airflow/dags
[2026-05-27T00:48:23.291+0000] {manager.py:737} INFO - Searching for files in /opt/airflow/dags
[2026-05-27T00:48:23.308+0000] {manager.py:740} INFO - There are 1 files in /opt/airflow/dags
[2026-05-27T00:48:34.581+0000] {manager.py:878} INFO - 
================================================================================
DAG File Processing Stats

File Path                             PID    Runtime      # DAGs    # Errors  Last Runtime    Last Run
------------------------------------  -----  ---------  --------  ----------  --------------  -------------------
/opt/airflow/dags/flight-pipeline.py                           0           1  0.34s           2026-05-27T00:48:23
================================================================================
[2026-05-27T00:49:05.020+0000] {manager.py:878} INFO - 
================================================================================
DAG File Processing Stats

File Path                             PID    Runtime      # DAGs    # Errors  Last Runtime    Last Run
------------------------------------  -----  ---------  --------  ----------  --------------  -------------------
/opt/airflow/dags/flight-pipeline.py                           0           1  0.14s           2026-05-27T00:48:54
================================================================================
[2026-05-27T00:49:35.184+0000] {manager.py:878} INFO - 
================================================================================
DAG File Processing Stats

File Path                             PID    Runtime      # DAGs    # Errors  Last Runtime    Last Run
------------------------------------  -----  ---------  --------  ----------  --------------  -------------------
/opt/airflow/dags/flight-pipeline.py                           0           1  0.10s           2026-05-27T00:49:24
================================================================================
[2026-05-27T00:50:05.438+0000] {manager.py:878} INFO - 
================================================================================
DAG File Processing Stats

File Path                             PID    Runtime      # DAGs    # Errors  Last Runtime    Last Run
------------------------------------  -----  ---------  --------  ----------  --------------  -------------------
/opt/airflow/dags/flight-pipeline.py                           0           1  0.23s           2026-05-27T00:49:54
================================================================================
[2026-05-27T00:50:35.841+0000] {manager.py:878} INFO - 
================================================================================
DAG File Processing Stats

File Path                             PID    Runtime      # DAGs    # Errors  Last Runtime    Last Run
------------------------------------  -----  ---------  --------  ----------  --------------  -------------------
/opt/airflow/dags/flight-pipeline.py                           0           1  0.11s           2026-05-27T00:50:24
================================================================================
[2026-05-27T00:51:06.080+0000] {manager.py:878} INFO - 
================================================================================
DAG File Processing Stats

File Path                             PID    Runtime      # DAGs    # Errors  Last Runtime    Last Run
------------------------------------  -----  ---------  --------  ----------  --------------  -------------------
/opt/airflow/dags/flight-pipeline.py                           0           1  0.17s           2026-05-27T00:50:55
================================================================================
[2026-05-27T00:51:36.318+0000] {manager.py:878} INFO - 
================================================================================
DAG File Processing Stats

File Path                             PID    Runtime      # DAGs    # Errors  Last Runtime    Last Run
------------------------------------  -----  ---------  --------  ----------  --------------  -------------------
/opt/airflow/dags/flight-pipeline.py                           0           1  0.10s           2026-05-27T00:51:25
================================================================================
[2026-05-27T00:52:06.574+0000] {manager.py:878} INFO - 
================================================================================
DAG File Processing Stats

File Path                             PID    Runtime      # DAGs    # Errors  Last Runtime    Last Run
------------------------------------  -----  ---------  --------  ----------  --------------  -------------------
/opt/airflow/dags/flight-pipeline.py                           0           1  0.09s           2026-05-27T00:52:00
================================================================================
[2026-05-27T00:52:36.735+0000] {manager.py:878} INFO - 
================================================================================
DAG File Processing Stats

File Path                             PID    Runtime      # DAGs    # Errors  Last Runtime    Last Run
------------------------------------  -----  ---------  --------  ----------  --------------  -------------------
/opt/airflow/dags/flight-pipeline.py                           0           1  0.08s           2026-05-27T00:52:30
================================================================================
[2026-05-27T00:53:07.012+0000] {manager.py:878} INFO - 
================================================================================
DAG File Processing Stats

File Path                             PID    Runtime      # DAGs    # Errors  Last Runtime    Last Run
------------------------------------  -----  ---------  --------  ----------  --------------  -------------------
/opt/airflow/dags/flight-pipeline.py                           0           1  0.09s           2026-05-27T00:52:46
================================================================================
[2026-05-27T00:53:23.936+0000] {manager.py:737} INFO - Searching for files in /opt/airflow/dags
[2026-05-27T00:53:23.959+0000] {manager.py:740} INFO - There are 1 files in /opt/airflow/dags
[2026-05-27T00:53:37.047+0000] {manager.py:878} INFO - 
================================================================================
DAG File Processing Stats

File Path                             PID    Runtime      # DAGs    # Errors  Last Runtime    Last Run
------------------------------------  -----  ---------  --------  ----------  --------------  -------------------
/opt/airflow/dags/flight-pipeline.py                           1           0  0.83s           2026-05-27T00:53:09
================================================================================
[2026-05-27T00:54:07.289+0000] {manager.py:878} INFO - 
================================================================================
DAG File Processing Stats

File Path                             PID    Runtime      # DAGs    # Errors  Last Runtime    Last Run
------------------------------------  -----  ---------  --------  ----------  --------------  -------------------
/opt/airflow/dags/flight-pipeline.py                           1           0  0.17s           2026-05-27T00:53:40
================================================================================
[2026-05-27T00:54:37.492+0000] {manager.py:878} INFO - 
================================================================================
DAG File Processing Stats

File Path                             PID    Runtime      # DAGs    # Errors  Last Runtime    Last Run
------------------------------------  -----  ---------  --------  ----------  --------------  -------------------
/opt/airflow/dags/flight-pipeline.py                           1           0  0.15s           2026-05-27T00:54:10
================================================================================
[2026-05-27T00:55:07.761+0000] {manager.py:878} INFO - 
================================================================================
DAG File Processing Stats

File Path                             PID    Runtime      # DAGs    # Errors  Last Runtime    Last Run
------------------------------------  -----  ---------  --------  ----------  --------------  -------------------
/opt/airflow/dags/flight-pipeline.py                           1           0  0.16s           2026-05-27T00:54:40
================================================================================
[2026-05-27T00:55:37.947+0000] {manager.py:878} INFO - 
================================================================================
DAG File Processing Stats

File Path                             PID    Runtime      # DAGs    # Errors  Last Runtime    Last Run
------------------------------------  -----  ---------  --------  ----------  --------------  -------------------
/opt/airflow/dags/flight-pipeline.py                           1           0  0.17s           2026-05-27T00:55:10
================================================================================
[2026-05-27T00:56:08.205+0000] {manager.py:878} INFO - 
================================================================================
DAG File Processing Stats

File Path                             PID    Runtime      # DAGs    # Errors  Last Runtime    Last Run
------------------------------------  -----  ---------  --------  ----------  --------------  -------------------
/opt/airflow/dags/flight-pipeline.py                           1           0  0.16s           2026-05-27T00:55:41
================================================================================
[2026-05-27T00:56:38.371+0000] {manager.py:878} INFO - 
================================================================================
DAG File Processing Stats

File Path                             PID    Runtime      # DAGs    # Errors  Last Runtime    Last Run
------------------------------------  -----  ---------  --------  ----------  --------------  -------------------
/opt/airflow/dags/flight-pipeline.py                           1           0  0.14s           2026-05-27T00:56:11
================================================================================
[2026-05-27T00:57:08.626+0000] {manager.py:878} INFO - 
================================================================================
DAG File Processing Stats

File Path                             PID    Runtime      # DAGs    # Errors  Last Runtime    Last Run
------------------------------------  -----  ---------  --------  ----------  --------------  -------------------
/opt/airflow/dags/flight-pipeline.py                           1           0  0.14s           2026-05-27T00:56:41
================================================================================
[2026-05-27T00:57:38.788+0000] {manager.py:878} INFO - 
================================================================================
DAG File Processing Stats

File Path                             PID    Runtime      # DAGs    # Errors  Last Runtime    Last Run
------------------------------------  -----  ---------  --------  ----------  --------------  -------------------
/opt/airflow/dags/flight-pipeline.py                           1           0  0.19s           2026-05-27T00:57:11
================================================================================
[2026-05-27T00:58:09.103+0000] {manager.py:878} INFO - 
================================================================================
DAG File Processing Stats

File Path                             PID    Runtime      # DAGs    # Errors  Last Runtime    Last Run
------------------------------------  -----  ---------  --------  ----------  --------------  -------------------
/opt/airflow/dags/flight-pipeline.py                           1           0  0.17s           2026-05-27T00:57:42
================================================================================
[2026-05-27T00:58:24.331+0000] {manager.py:737} INFO - Searching for files in /opt/airflow/dags
[2026-05-27T00:58:24.352+0000] {manager.py:740} INFO - There are 1 files in /opt/airflow/dags
[2026-05-27T00:58:39.465+0000] {manager.py:878} INFO - 
================================================================================
DAG File Processing Stats

File Path                             PID    Runtime      # DAGs    # Errors  Last Runtime    Last Run
------------------------------------  -----  ---------  --------  ----------  --------------  -------------------
/opt/airflow/dags/flight-pipeline.py                           1           0  0.14s           2026-05-27T00:58:12
================================================================================
[2026-05-27T00:59:09.682+0000] {manager.py:878} INFO - 
================================================================================
DAG File Processing Stats

File Path                             PID    Runtime      # DAGs    # Errors  Last Runtime    Last Run
------------------------------------  -----  ---------  --------  ----------  --------------  -------------------
/opt/airflow/dags/flight-pipeline.py                           1           0  0.15s           2026-05-27T00:58:42
================================================================================
[2026-05-27T00:59:39.898+0000] {manager.py:878} INFO - 
================================================================================
DAG File Processing Stats

File Path                             PID    Runtime      # DAGs    # Errors  Last Runtime    Last Run
------------------------------------  -----  ---------  --------  ----------  --------------  -------------------
/opt/airflow/dags/flight-pipeline.py                           1           0  0.14s           2026-05-27T00:59:12
================================================================================
[2026-05-27T01:00:10.124+0000] {manager.py:878} INFO - 
================================================================================
DAG File Processing Stats

File Path                             PID    Runtime      # DAGs    # Errors  Last Runtime    Last Run
------------------------------------  -----  ---------  --------  ----------  --------------  -------------------
/opt/airflow/dags/flight-pipeline.py                           1           0  0.15s           2026-05-27T00:59:43
================================================================================
[2026-05-27T01:00:40.354+0000] {manager.py:878} INFO - 
================================================================================
DAG File Processing Stats

File Path                             PID    Runtime      # DAGs    # Errors  Last Runtime    Last Run
------------------------------------  -----  ---------  --------  ----------  --------------  -------------------
/opt/airflow/dags/flight-pipeline.py                           1           0  0.15s           2026-05-27T01:00:13
================================================================================
[2026-05-27T01:01:10.586+0000] {manager.py:878} INFO - 
================================================================================
DAG File Processing Stats

File Path                             PID    Runtime      # DAGs    # Errors  Last Runtime    Last Run
------------------------------------  -----  ---------  --------  ----------  --------------  -------------------
/opt/airflow/dags/flight-pipeline.py                           1           0  0.16s           2026-05-27T01:00:43
================================================================================
[2026-05-27T01:01:40.793+0000] {manager.py:878} INFO - 
================================================================================
DAG File Processing Stats

File Path                             PID    Runtime      # DAGs    # Errors  Last Runtime    Last Run
------------------------------------  -----  ---------  --------  ----------  --------------  -------------------
/opt/airflow/dags/flight-pipeline.py                           1           0  0.13s           2026-05-27T01:01:13
================================================================================
[2026-05-27T01:02:11.010+0000] {manager.py:878} INFO - 
================================================================================
DAG File Processing Stats

File Path                             PID    Runtime      # DAGs    # Errors  Last Runtime    Last Run
------------------------------------  -----  ---------  --------  ----------  --------------  -------------------
/opt/airflow/dags/flight-pipeline.py                           1           0  0.19s           2026-05-27T01:01:43
================================================================================
[2026-05-27T01:02:41.293+0000] {manager.py:878} INFO - 
================================================================================
DAG File Processing Stats

File Path                             PID    Runtime      # DAGs    # Errors  Last Runtime    Last Run
------------------------------------  -----  ---------  --------  ----------  --------------  -------------------
/opt/airflow/dags/flight-pipeline.py                           1           0  0.17s           2026-05-27T01:02:14
================================================================================
[2026-05-27T01:03:11.452+0000] {manager.py:878} INFO - 
================================================================================
DAG File Processing Stats

File Path                             PID    Runtime      # DAGs    # Errors  Last Runtime    Last Run
------------------------------------  -----  ---------  --------  ----------  --------------  -------------------
/opt/airflow/dags/flight-pipeline.py                           1           0  0.18s           2026-05-27T01:02:44
================================================================================
[2026-05-27T01:03:24.684+0000] {manager.py:737} INFO - Searching for files in /opt/airflow/dags
[2026-05-27T01:03:24.716+0000] {manager.py:740} INFO - There are 1 files in /opt/airflow/dags
[2026-05-27T01:03:41.815+0000] {manager.py:878} INFO - 
================================================================================
DAG File Processing Stats

File Path                             PID    Runtime      # DAGs    # Errors  Last Runtime    Last Run
------------------------------------  -----  ---------  --------  ----------  --------------  -------------------
/opt/airflow/dags/flight-pipeline.py                           1           0  0.20s           2026-05-27T01:03:14
================================================================================
[2026-05-27T01:04:12.136+0000] {manager.py:878} INFO - 
================================================================================
DAG File Processing Stats

File Path                             PID    Runtime      # DAGs    # Errors  Last Runtime    Last Run
------------------------------------  -----  ---------  --------  ----------  --------------  -------------------
/opt/airflow/dags/flight-pipeline.py                           1           0  0.26s           2026-05-27T01:03:45
================================================================================
[2026-05-27T01:04:42.536+0000] {manager.py:878} INFO - 
================================================================================
DAG File Processing Stats

File Path                             PID    Runtime      # DAGs    # Errors  Last Runtime    Last Run
------------------------------------  -----  ---------  --------  ----------  --------------  -------------------
/opt/airflow/dags/flight-pipeline.py                           1           0  0.15s           2026-05-27T01:04:15
================================================================================
[2026-05-27T01:05:12.814+0000] {manager.py:878} INFO - 
================================================================================
DAG File Processing Stats

File Path                             PID    Runtime      # DAGs    # Errors  Last Runtime    Last Run
------------------------------------  -----  ---------  --------  ----------  --------------  -------------------
/opt/airflow/dags/flight-pipeline.py                           1           0  0.15s           2026-05-27T01:04:45
================================================================================
[2026-05-27T01:05:43.111+0000] {manager.py:878} INFO - 
================================================================================
DAG File Processing Stats

File Path                             PID    Runtime      # DAGs    # Errors  Last Runtime    Last Run
------------------------------------  -----  ---------  --------  ----------  --------------  -------------------
/opt/airflow/dags/flight-pipeline.py                           1           0  0.15s           2026-05-27T01:05:16
================================================================================
[2026-05-27T01:06:13.415+0000] {manager.py:878} INFO - 
================================================================================
DAG File Processing Stats

File Path                             PID    Runtime      # DAGs    # Errors  Last Runtime    Last Run
------------------------------------  -----  ---------  --------  ----------  --------------  -------------------
/opt/airflow/dags/flight-pipeline.py                           1           0  0.17s           2026-05-27T01:05:46
================================================================================
[2026-05-27T01:06:43.729+0000] {manager.py:878} INFO - 
================================================================================
DAG File Processing Stats

File Path                             PID    Runtime      # DAGs    # Errors  Last Runtime    Last Run
------------------------------------  -----  ---------  --------  ----------  --------------  -------------------
/opt/airflow/dags/flight-pipeline.py                           1           0  0.13s           2026-05-27T01:06:16
================================================================================
[2026-05-27T01:07:13.978+0000] {manager.py:878} INFO - 
================================================================================
DAG File Processing Stats

File Path                             PID    Runtime      # DAGs    # Errors  Last Runtime    Last Run
------------------------------------  -----  ---------  --------  ----------  --------------  -------------------
/opt/airflow/dags/flight-pipeline.py                           1           0  0.16s           2026-05-27T01:06:46
================================================================================
[2026-05-27T01:07:44.160+0000] {manager.py:878} INFO - 
================================================================================
DAG File Processing Stats

File Path                             PID    Runtime      # DAGs    # Errors  Last Runtime    Last Run
------------------------------------  -----  ---------  --------  ----------  --------------  -------------------
/opt/airflow/dags/flight-pipeline.py                           1           0  0.14s           2026-05-27T01:07:17
================================================================================
[2026-05-27T01:08:14.422+0000] {manager.py:878} INFO - 
================================================================================
DAG File Processing Stats

File Path                             PID    Runtime      # DAGs    # Errors  Last Runtime    Last Run
------------------------------------  -----  ---------  --------  ----------  --------------  -------------------
/opt/airflow/dags/flight-pipeline.py                           1           0  0.16s           2026-05-27T01:07:47
================================================================================
[2026-05-27T01:08:25.498+0000] {manager.py:737} INFO - Searching for files in /opt/airflow/dags
[2026-05-27T01:08:25.564+0000] {manager.py:740} INFO - There are 1 files in /opt/airflow/dags
[2026-05-27T01:08:44.714+0000] {manager.py:878} INFO - 
================================================================================
DAG File Processing Stats

File Path                             PID    Runtime      # DAGs    # Errors  Last Runtime    Last Run
------------------------------------  -----  ---------  --------  ----------  --------------  -------------------
/opt/airflow/dags/flight-pipeline.py                           1           0  0.14s           2026-05-27T01:08:17
================================================================================
[2026-05-27T01:09:14.871+0000] {manager.py:878} INFO - 
================================================================================
DAG File Processing Stats

File Path                             PID    Runtime      # DAGs    # Errors  Last Runtime    Last Run
------------------------------------  -----  ---------  --------  ----------  --------------  -------------------
/opt/airflow/dags/flight-pipeline.py                           1           0  0.17s           2026-05-27T01:08:47
================================================================================
[2026-05-27T01:09:45.184+0000] {manager.py:878} INFO - 
================================================================================
DAG File Processing Stats

File Path                             PID    Runtime      # DAGs    # Errors  Last Runtime    Last Run
------------------------------------  -----  ---------  --------  ----------  --------------  -------------------
/opt/airflow/dags/flight-pipeline.py                           1           0  0.16s           2026-05-27T01:09:18
================================================================================
[2026-05-27T01:10:15.381+0000] {manager.py:878} INFO - 
================================================================================
DAG File Processing Stats

File Path                             PID    Runtime      # DAGs    # Errors  Last Runtime    Last Run
------------------------------------  -----  ---------  --------  ----------  --------------  -------------------
/opt/airflow/dags/flight-pipeline.py                           1           0  0.15s           2026-05-27T01:09:48
================================================================================
[2026-05-27T01:10:45.652+0000] {manager.py:878} INFO - 
================================================================================
DAG File Processing Stats

File Path                             PID    Runtime      # DAGs    # Errors  Last Runtime    Last Run
------------------------------------  -----  ---------  --------  ----------  --------------  -------------------
/opt/airflow/dags/flight-pipeline.py                           1           0  0.17s           2026-05-27T01:10:18
================================================================================
[2026-05-27T01:11:15.831+0000] {manager.py:878} INFO - 
================================================================================
DAG File Processing Stats

File Path                             PID    Runtime      # DAGs    # Errors  Last Runtime    Last Run
------------------------------------  -----  ---------  --------  ----------  --------------  -------------------
/opt/airflow/dags/flight-pipeline.py                           1           0  0.15s           2026-05-27T01:10:48
================================================================================
[2026-05-27T01:11:46.067+0000] {manager.py:878} INFO - 
================================================================================
DAG File Processing Stats

File Path                             PID    Runtime      # DAGs    # Errors  Last Runtime    Last Run
------------------------------------  -----  ---------  --------  ----------  --------------  -------------------
/opt/airflow/dags/flight-pipeline.py                           1           0  0.13s           2026-05-27T01:11:18
================================================================================
[2026-05-27T01:12:16.229+0000] {manager.py:878} INFO - 
================================================================================
DAG File Processing Stats

File Path                             PID    Runtime      # DAGs    # Errors  Last Runtime    Last Run
------------------------------------  -----  ---------  --------  ----------  --------------  -------------------
/opt/airflow/dags/flight-pipeline.py                           1           0  0.18s           2026-05-27T01:11:49
================================================================================
[2026-05-27T01:12:46.547+0000] {manager.py:878} INFO - 
================================================================================
DAG File Processing Stats

File Path                             PID    Runtime      # DAGs    # Errors  Last Runtime    Last Run
------------------------------------  -----  ---------  --------  ----------  --------------  -------------------
/opt/airflow/dags/flight-pipeline.py                           1           0  0.15s           2026-05-27T01:12:19
================================================================================
[2026-05-27T01:13:16.831+0000] {manager.py:878} INFO - 
================================================================================
DAG File Processing Stats

File Path                             PID    Runtime      # DAGs    # Errors  Last Runtime    Last Run
------------------------------------  -----  ---------  --------  ----------  --------------  -------------------
/opt/airflow/dags/flight-pipeline.py                           1           0  0.14s           2026-05-27T01:12:49
================================================================================
[2026-05-27T01:13:25.995+0000] {manager.py:737} INFO - Searching for files in /opt/airflow/dags
[2026-05-27T01:13:26.014+0000] {manager.py:740} INFO - There are 1 files in /opt/airflow/dags
[2026-05-27T01:13:47.128+0000] {manager.py:878} INFO - 
================================================================================
DAG File Processing Stats

File Path                             PID    Runtime      # DAGs    # Errors  Last Runtime    Last Run
------------------------------------  -----  ---------  --------  ----------  --------------  -------------------
/opt/airflow/dags/flight-pipeline.py                           1           0  0.15s           2026-05-27T01:13:20
================================================================================
[2026-05-27T01:14:17.292+0000] {manager.py:878} INFO - 
================================================================================
DAG File Processing Stats

File Path                             PID    Runtime      # DAGs    # Errors  Last Runtime    Last Run
------------------------------------  -----  ---------  --------  ----------  --------------  -------------------
/opt/airflow/dags/flight-pipeline.py                           1           0  0.23s           2026-05-27T01:13:50
================================================================================
[2026-05-27T01:14:47.672+0000] {manager.py:878} INFO - 
================================================================================
DAG File Processing Stats

File Path                             PID    Runtime      # DAGs    # Errors  Last Runtime    Last Run
------------------------------------  -----  ---------  --------  ----------  --------------  -------------------
/opt/airflow/dags/flight-pipeline.py                           1           0  0.15s           2026-05-27T01:14:20
================================================================================
[2026-05-27T01:15:17.934+0000] {manager.py:878} INFO - 
================================================================================
DAG File Processing Stats

File Path                             PID    Runtime      # DAGs    # Errors  Last Runtime    Last Run
------------------------------------  -----  ---------  --------  ----------  --------------  -------------------
/opt/airflow/dags/flight-pipeline.py                           1           0  0.14s           2026-05-27T01:14:50
================================================================================
[2026-05-27T01:15:48.096+0000] {manager.py:878} INFO - 
================================================================================
DAG File Processing Stats

File Path                             PID    Runtime      # DAGs    # Errors  Last Runtime    Last Run
------------------------------------  -----  ---------  --------  ----------  --------------  -------------------
/opt/airflow/dags/flight-pipeline.py                           1           0  0.15s           2026-05-27T01:15:21
================================================================================
[2026-05-27T01:16:18.376+0000] {manager.py:878} INFO - 
================================================================================
DAG File Processing Stats

File Path                             PID    Runtime      # DAGs    # Errors  Last Runtime    Last Run
------------------------------------  -----  ---------  --------  ----------  --------------  -------------------
/opt/airflow/dags/flight-pipeline.py                           1           0  0.17s           2026-05-27T01:15:51
================================================================================
[2026-05-27T01:16:48.714+0000] {manager.py:878} INFO - 
================================================================================
DAG File Processing Stats

File Path                             PID    Runtime      # DAGs    # Errors  Last Runtime    Last Run
------------------------------------  -----  ---------  --------  ----------  --------------  -------------------
/opt/airflow/dags/flight-pipeline.py                           1           0  3.52s           2026-05-27T01:16:38
================================================================================
[2026-05-27T01:17:18.780+0000] {manager.py:878} INFO - 
================================================================================
DAG File Processing Stats

File Path                             PID    Runtime      # DAGs    # Errors  Last Runtime    Last Run
------------------------------------  -----  ---------  --------  ----------  --------------  -------------------
/opt/airflow/dags/flight-pipeline.py                           1           0  0.55s           2026-05-27T01:17:08
================================================================================
[2026-05-27T01:17:49.368+0000] {manager.py:878} INFO - 
================================================================================
DAG File Processing Stats

File Path                             PID    Runtime      # DAGs    # Errors  Last Runtime    Last Run
------------------------------------  -----  ---------  --------  ----------  --------------  -------------------
/opt/airflow/dags/flight-pipeline.py                           1           0  0.65s           2026-05-27T01:17:39
================================================================================
[2026-05-27T01:18:19.506+0000] {manager.py:878} INFO - 
================================================================================
DAG File Processing Stats

File Path                             PID    Runtime      # DAGs    # Errors  Last Runtime    Last Run
------------------------------------  -----  ---------  --------  ----------  --------------  -------------------
/opt/airflow/dags/flight-pipeline.py                           1           0  0.82s           2026-05-27T01:18:10
================================================================================
[2026-05-27T01:18:26.541+0000] {manager.py:737} INFO - Searching for files in /opt/airflow/dags
[2026-05-27T01:18:26.561+0000] {manager.py:740} INFO - There are 1 files in /opt/airflow/dags
[2026-05-27T01:18:49.628+0000] {manager.py:878} INFO - 
================================================================================
DAG File Processing Stats

File Path                             PID    Runtime      # DAGs    # Errors  Last Runtime    Last Run
------------------------------------  -----  ---------  --------  ----------  --------------  -------------------
/opt/airflow/dags/flight-pipeline.py                           1           0  0.93s           2026-05-27T01:18:41
================================================================================
[2026-05-27T01:19:19.842+0000] {manager.py:878} INFO - 
================================================================================
DAG File Processing Stats

File Path                             PID    Runtime      # DAGs    # Errors  Last Runtime    Last Run
------------------------------------  -----  ---------  --------  ----------  --------------  -------------------
/opt/airflow/dags/flight-pipeline.py                           1           0  0.59s           2026-05-27T01:19:12
================================================================================
[2026-05-27T01:19:49.982+0000] {manager.py:878} INFO - 
================================================================================
DAG File Processing Stats

File Path                             PID    Runtime      # DAGs    # Errors  Last Runtime    Last Run
------------------------------------  -----  ---------  --------  ----------  --------------  -------------------
/opt/airflow/dags/flight-pipeline.py                           1           0  0.58s           2026-05-27T01:19:43
================================================================================
[2026-05-27T01:20:19.068+0000] {manager.py:452} INFO - Exiting gracefully upon receiving signal 15
